2026.03.20 20:20:41,468	INFO	3	org.l2jmobius.commons.util.IXmlReader	Network Config: ipconfig.xml does not exist, using automatic configuration...
2026.03.20 20:20:41,691	INFO	3	org.l2jmobius.commons.util.IXmlReader	Network Config: Adding new subnet: 127.0.0.0/8 address: 127.0.0.1
2026.03.20 20:20:41,694	INFO	3	org.l2jmobius.commons.util.IXmlReader	Network Config: Adding new subnet: 192.168.31.0/24 address: 192.168.31.118
2026.03.20 20:20:41,695	INFO	3	org.l2jmobius.commons.util.IXmlReader	Network Config: Adding new subnet: 0.0.0.0/0 address: 31.42.65.165
2026.03.20 20:20:41,698	INFO	3	org.l2jmobius.gameserver.config.ServerConfig	Loaded 6 Filter Words.
2026.03.20 20:20:41,752	INFO	3	org.l2jmobius.gameserver.GameServer	------------------------------------------------=[ Database ]
2026.03.20 20:20:41,889	INFO	3	org.l2jmobius.commons.database.DatabaseFactory	Database: HikariCP pool initialized successfully.
2026.03.20 20:20:42,025	INFO	3	org.l2jmobius.commons.database.DatabaseFactory	Database: Initialized with a valid connection.
2026.03.20 20:20:42,031	INFO	3	org.l2jmobius.gameserver.GameServer	----------------------------------------------=[ ThreadPool ]
2026.03.20 20:20:42,032	INFO	3	org.l2jmobius.commons.threads.ThreadPool	ThreadPool: Initializing.
2026.03.20 20:20:42,035	INFO	3	org.l2jmobius.commons.threads.ThreadPool	...scheduled pool executor with 16 high priority threads.
2026.03.20 20:20:42,042	INFO	3	org.l2jmobius.commons.threads.ThreadPool	...scheduled pool executor with 64 total threads.
2026.03.20 20:20:42,043	INFO	3	org.l2jmobius.commons.threads.ThreadPool	...instant pool executor with 32 total threads.
2026.03.20 20:20:42,045	INFO	3	org.l2jmobius.gameserver.GameServer	-----------------------------------------------=[ IdManager ]
2026.03.20 20:20:42,095	INFO	3	org.l2jmobius.gameserver.managers.DatabaseIdManager	DatabaseIdManager: Cleaned 0 elements in 0 seconds.
2026.03.20 20:20:42,100	INFO	3	org.l2jmobius.gameserver.managers.DatabaseIdManager	DatabaseIdManager: Updated character online status.
2026.03.20 20:20:42,108	INFO	3	org.l2jmobius.gameserver.managers.DatabaseIdManager	DatabaseIdManager: Cleaned 0 expired timestamps.
2026.03.20 20:20:42,126	INFO	3	org.l2jmobius.gameserver.managers.IdManager	IdManager: 102912 ids available.
2026.03.20 20:20:42,126	INFO	3	org.l2jmobius.gameserver.GameServer	----------------------------------------=[ Scripting Engine ]
2026.03.20 20:20:42,237	INFO	3	org.l2jmobius.gameserver.scripting.ScriptEngine	Loaded 419 files to exclude.
2026.03.20 20:20:42,238	INFO	3	org.l2jmobius.gameserver.GameServer	---------------------------------------------------=[ World ]
2026.03.20 20:20:42,242	INFO	3	org.l2jmobius.commons.util.IXmlReader	InstanceManager: Multiverse Instance created.
2026.03.20 20:20:42,243	INFO	3	org.l2jmobius.commons.util.IXmlReader	InstanceManager: Universe Instance created.
2026.03.20 20:20:42,256	INFO	3	org.l2jmobius.commons.util.IXmlReader	InstanceManager: Loaded 160 instance names.
2026.03.20 20:20:42,584	INFO	3	org.l2jmobius.commons.util.IXmlReader	InstanceManager: Loaded 142 instance templates.
2026.03.20 20:20:42,635	INFO	3	org.l2jmobius.commons.util.IXmlReader	MapRegionManager: Loaded 57 map regions.
2026.03.20 20:20:42,647	INFO	3	org.l2jmobius.gameserver.managers.GlobalVariablesManager	GlobalVariablesManager: Loaded 15 variables.
2026.03.20 20:20:42,648	INFO	3	org.l2jmobius.gameserver.GameServer	----------------------------------------------------=[ Data ]
2026.03.20 20:20:42,665	INFO	3	org.l2jmobius.gameserver.data.xml.CategoryData	CategoryData: Loaded 180 categories.
2026.03.20 20:20:42,675	INFO	3	org.l2jmobius.commons.util.IXmlReader	SecondaryAuthData: Loaded 328 forbidden passwords.
2026.03.20 20:20:42,676	INFO	3	org.l2jmobius.gameserver.GameServer	--------------------------------------------------=[ Skills ]
2026.03.20 20:20:43,156	INFO	3	handlers.EffectMasterHandler	EffectMasterHandler: Loaded 165 effect handlers.
2026.03.20 20:20:43,168	INFO	3	org.l2jmobius.commons.util.IXmlReader	EnchantSkillGroupsData: Loaded 4 groups and 90 routes.
2026.03.20 20:20:43,532	INFO	3	org.l2jmobius.commons.util.IXmlReader	SkillTreeData: Loaded 17176 Class Skills for 103 class skill trees.
2026.03.20 20:20:43,532	INFO	3	org.l2jmobius.commons.util.IXmlReader	SkillTreeData: Loaded 76 sub-class skills.
2026.03.20 20:20:43,532	INFO	3	org.l2jmobius.commons.util.IXmlReader	SkillTreeData: Loaded 77 transfer skills for 3 transfer skill trees.
2026.03.20 20:20:43,532	INFO	3	org.l2jmobius.commons.util.IXmlReader	SkillTreeData: Loaded 117 fishing skills, 8 Dwarven only fishing skills.
2026.03.20 20:20:43,533	INFO	3	org.l2jmobius.commons.util.IXmlReader	SkillTreeData: Loaded 3 collect skills.
2026.03.20 20:20:43,534	INFO	3	org.l2jmobius.commons.util.IXmlReader	SkillTreeData: Loaded 94 clan skills, 64 for clan and 30 residential.
2026.03.20 20:20:43,534	INFO	3	org.l2jmobius.commons.util.IXmlReader	SkillTreeData: Loaded 18 sub-pledge skills.
2026.03.20 20:20:43,535	INFO	3	org.l2jmobius.commons.util.IXmlReader	SkillTreeData: Loaded 32 transform skills.
2026.03.20 20:20:43,535	INFO	3	org.l2jmobius.commons.util.IXmlReader	SkillTreeData: Loaded 8 noble skills.
2026.03.20 20:20:43,535	INFO	3	org.l2jmobius.commons.util.IXmlReader	SkillTreeData: Loaded 5 hero skills.
2026.03.20 20:20:43,535	INFO	3	org.l2jmobius.commons.util.IXmlReader	SkillTreeData: Loaded 46 game master skills.
2026.03.20 20:20:43,535	INFO	3	org.l2jmobius.commons.util.IXmlReader	SkillTreeData: Loaded 46 game master aura skills.
2026.03.20 20:20:46,267	INFO	3	org.l2jmobius.gameserver.data.xml.SkillData	SkillData: Loaded 65965 Skill templates from XML files.
2026.03.20 20:20:46,305	INFO	3	org.l2jmobius.gameserver.data.xml.PetSkillData	PetSkillData: Loaded 881 skills.
2026.03.20 20:20:46,305	INFO	3	org.l2jmobius.gameserver.GameServer	---------------------------------------------------=[ Items ]
2026.03.20 20:20:46,841	INFO	3	org.l2jmobius.gameserver.data.xml.ItemData	ItemData: Highest item id used: 50000
2026.03.20 20:20:46,846	INFO	3	org.l2jmobius.gameserver.data.xml.ItemData	ItemData: Loaded 11482 etc items.
2026.03.20 20:20:46,846	INFO	3	org.l2jmobius.gameserver.data.xml.ItemData	ItemData: Loaded 3825 armor items.
2026.03.20 20:20:46,846	INFO	3	org.l2jmobius.gameserver.data.xml.ItemData	ItemData: Loaded 3893 weapon items.
2026.03.20 20:20:46,846	INFO	3	org.l2jmobius.gameserver.data.xml.ItemData	ItemData: Loaded 19200 items in total.
2026.03.20 20:20:46,852	INFO	3	org.l2jmobius.commons.util.IXmlReader	EnchantItemGroupsData: Loaded 4 item group templates.
2026.03.20 20:20:46,852	INFO	3	org.l2jmobius.commons.util.IXmlReader	EnchantItemGroupsData: Loaded 1 scroll group templates.
2026.03.20 20:20:46,853	INFO	3	org.l2jmobius.commons.util.IXmlReader	EnchantItemGroupsData: Max weapon enchant is set to 16.
2026.03.20 20:20:46,853	INFO	3	org.l2jmobius.commons.util.IXmlReader	EnchantItemGroupsData: Max armor enchant is set to 16.
2026.03.20 20:20:46,853	INFO	3	org.l2jmobius.commons.util.IXmlReader	EnchantItemGroupsData: Max accessory enchant is set to 16.
2026.03.20 20:20:46,859	INFO	3	org.l2jmobius.commons.util.IXmlReader	EnchantItemData: Loaded 63 enchant scrolls.
2026.03.20 20:20:46,859	INFO	3	org.l2jmobius.commons.util.IXmlReader	EnchantItemData: Loaded 20 support items.
2026.03.20 20:20:47,254	INFO	3	org.l2jmobius.gameserver.data.xml.OptionData	OptionData: Loaded 24985 options.
2026.03.20 20:20:47,261	INFO	3	org.l2jmobius.commons.util.IXmlReader	EnchantItemOptionsData: Loaded 23 items and 1093 options.
2026.03.20 20:20:47,266	INFO	3	org.l2jmobius.commons.util.IXmlReader	ElementalAttributeData: Loaded 30 elemental attribute items.
2026.03.20 20:20:47,272	INFO	3	org.l2jmobius.commons.util.IXmlReader	EnchantItemHPBonusData: Loaded 6 enchant HP bonuses.
2026.03.20 20:20:47,275	INFO	3	org.l2jmobius.gameserver.data.MerchantPriceConfigTable	MerchantPriceConfigTable: Loaded 28 merchant price configs.
2026.03.20 20:20:47,713	WARNING	3	org.l2jmobius.commons.util.IXmlReader	Directory not found: D:\My_projects\Lineage\L2J_Mobius\L2J_Mobius_CT_2.6_HighFive\dist\game\.\data\buylists\custom
2026.03.20 20:20:47,713	INFO	3	org.l2jmobius.gameserver.data.xml.BuyListData	BuyListData: Loaded 760 buyLists.
2026.03.20 20:20:47,925	INFO	3	org.l2jmobius.commons.util.IXmlReader	MultisellData: Loaded 204 multisell lists.
2026.03.20 20:20:47,958	INFO	3	org.l2jmobius.commons.util.IXmlReader	RecipeData: Loaded 1000 recipes.
2026.03.20 20:20:47,983	INFO	3	org.l2jmobius.commons.util.IXmlReader	ArmorSetData: Loaded 204 armor sets.
2026.03.20 20:20:47,991	INFO	3	org.l2jmobius.commons.util.IXmlReader	FishData: Loaded 278 fishes.
2026.03.20 20:20:47,994	INFO	3	org.l2jmobius.commons.util.IXmlReader	FishingMonstersData: Loaded 8 fishing monsters.
2026.03.20 20:20:47,997	INFO	3	org.l2jmobius.commons.util.IXmlReader	FishingRodsData: Loaded 6 fishing rods.
2026.03.20 20:20:48,014	INFO	3	org.l2jmobius.commons.util.IXmlReader	HennaData: Loaded 180 henna data.
2026.03.20 20:20:48,016	INFO	3	org.l2jmobius.gameserver.GameServer	----------------------------------------------=[ Characters ]
2026.03.20 20:20:48,020	INFO	3	org.l2jmobius.gameserver.data.xml.ClassListData	ClassListData: Loaded 103 class data.
2026.03.20 20:20:48,026	INFO	3	org.l2jmobius.gameserver.data.xml.InitialEquipmentData	InitialEquipmentData: Loaded 11 initial equipment data.
2026.03.20 20:20:48,030	INFO	3	org.l2jmobius.gameserver.data.xml.InitialShortcutData	InitialShortcutData: Loaded 5 initial global shortcut data.
2026.03.20 20:20:48,031	INFO	3	org.l2jmobius.gameserver.data.xml.InitialShortcutData	InitialShortcutData: Loaded 4 initial shortcut data.
2026.03.20 20:20:48,031	INFO	3	org.l2jmobius.gameserver.data.xml.InitialShortcutData	InitialShortcutData: Loaded 0 macro presets.
2026.03.20 20:20:48,034	INFO	3	org.l2jmobius.gameserver.data.xml.ExperienceData	ExperienceData: Loaded 86 levels.
2026.03.20 20:20:48,034	INFO	3	org.l2jmobius.gameserver.data.xml.ExperienceData	ExperienceData: Max Player Level is 85.
2026.03.20 20:20:48,034	INFO	3	org.l2jmobius.gameserver.data.xml.ExperienceData	ExperienceData: Max Pet Level is 85.
2026.03.20 20:20:48,039	INFO	3	org.l2jmobius.gameserver.data.xml.ExperienceLossData	ExperienceLossData: Loaded 85 levels.
2026.03.20 20:20:48,042	INFO	3	org.l2jmobius.gameserver.data.xml.KarmaLossData	KarmaLossData: Loaded 85 modifiers.
2026.03.20 20:20:48,043	INFO	3	org.l2jmobius.commons.util.IXmlReader	HitConditionBonusData: Loaded hit condition bonuses.
2026.03.20 20:20:48,232	INFO	3	org.l2jmobius.gameserver.data.xml.PlayerTemplateData	PlayerTemplateData: Loaded 103 player templates.
2026.03.20 20:20:48,232	INFO	3	org.l2jmobius.gameserver.data.xml.PlayerTemplateData	PlayerTemplateData: Loaded 52530 level up gain records.
2026.03.20 20:20:48,235	INFO	3	org.l2jmobius.gameserver.data.sql.CharInfoTable	CharInfoTable: Loaded 2 char names.
2026.03.20 20:20:48,241	INFO	3	org.l2jmobius.gameserver.data.xml.AdminData	AdminData: Loaded 10 access levels.
2026.03.20 20:20:48,246	INFO	3	org.l2jmobius.gameserver.data.xml.AdminData	AdminData: Loaded 472 access commands.
2026.03.20 20:20:48,248	INFO	3	org.l2jmobius.gameserver.managers.RaidBossPointsManager	RaidBossPointsManager: Loaded 0 Characters Raid Points.
2026.03.20 20:20:48,452	INFO	3	org.l2jmobius.commons.util.IXmlReader	PetDataTable: Loaded 49 pets.
2026.03.20 20:20:48,465	INFO	3	org.l2jmobius.gameserver.GameServer	---------------------------------------------------=[ Clans ]
2026.03.20 20:20:48,479	INFO	3	org.l2jmobius.gameserver.communitybbs.Manager.ForumsBBSManager	ForumsBBSManager: Loaded 4 forums. Last forum id used: 4
2026.03.20 20:20:48,480	INFO	3	org.l2jmobius.gameserver.data.sql.ClanTable	ClanTable: Restored 0 clans from the database.
2026.03.20 20:20:48,489	INFO	3	org.l2jmobius.gameserver.managers.CHSiegeManager	CHSiegeManager: Loaded 6 conquerable clan halls.
2026.03.20 20:20:48,538	INFO	3	org.l2jmobius.gameserver.managers.ClanHallAuctionManager	ClanHallAuctionManager: Loaded 38 auction(s)
2026.03.20 20:20:48,540	INFO	3	org.l2jmobius.gameserver.data.sql.ClanHallTable	ClanHallTable: Loaded 0 clan halls
2026.03.20 20:20:48,540	INFO	3	org.l2jmobius.gameserver.data.sql.ClanHallTable	ClanHallTable: Loaded 38 free clan halls
2026.03.20 20:20:48,540	INFO	3	org.l2jmobius.gameserver.GameServer	-------------------------------------------------=[ Geodata ]
2026.03.20 20:20:48,556	INFO	3	org.l2jmobius.gameserver.geoengine.GeoEngine	GeoEngine: Loaded 0 regions.
2026.03.20 20:20:48,556	INFO	3	org.l2jmobius.gameserver.geoengine.GeoEngine	GeoEngine: Pathfinding is disabled.
2026.03.20 20:20:48,556	INFO	3	org.l2jmobius.gameserver.GameServer	----------------------------------------------------=[ NPCs ]
2026.03.20 20:20:48,595	INFO	3	org.l2jmobius.gameserver.managers.ZoneManager	ZoneManager 17 by 18 Zone Region Grid set up.
2026.03.20 20:20:49,840	INFO	3	org.l2jmobius.commons.util.IXmlReader	NpcData: Loaded 10461 NPCs.
2026.03.20 20:20:49,855	INFO	3	org.l2jmobius.commons.util.IXmlReader	NpcData: Loaded 19 custom NPCs.
2026.03.20 20:20:49,860	INFO	3	org.l2jmobius.commons.util.IXmlReader	SkillLearnData: Loaded 256 skill learn data.
2026.03.20 20:20:49,864	INFO	3	org.l2jmobius.gameserver.managers.GrandBossManager	GrandBossManager: Gigantic Chaos Golem(25512) status is 0.
2026.03.20 20:20:49,865	INFO	3	org.l2jmobius.gameserver.managers.GrandBossManager	GrandBossManager: Queen Ant(29001) status is 0.
2026.03.20 20:20:49,865	INFO	3	org.l2jmobius.gameserver.managers.GrandBossManager	GrandBossManager: Core(29006) status is 0.
2026.03.20 20:20:49,865	INFO	3	org.l2jmobius.gameserver.managers.GrandBossManager	GrandBossManager: Orfen(29014) status is 0.
2026.03.20 20:20:49,865	INFO	3	org.l2jmobius.gameserver.managers.GrandBossManager	GrandBossManager: Baium(29020) status is 0.
2026.03.20 20:20:49,865	INFO	3	org.l2jmobius.gameserver.managers.GrandBossManager	GrandBossManager: Valakas(29028) status is 0.
2026.03.20 20:20:49,865	INFO	3	org.l2jmobius.gameserver.managers.GrandBossManager	GrandBossManager: Antharas(29068) status is 0.
2026.03.20 20:20:49,865	INFO	3	org.l2jmobius.gameserver.managers.GrandBossManager	GrandBossManager: Beleth(29118) status is 0.
2026.03.20 20:20:49,865	INFO	3	org.l2jmobius.gameserver.managers.GrandBossManager	GrandBossManager: Loaded 8 Instances
2026.03.20 20:20:49,956	INFO	3	org.l2jmobius.gameserver.managers.ZoneManager	ZoneManager: Loaded 31 zone classes and 2860 zones.
2026.03.20 20:20:49,958	INFO	3	org.l2jmobius.gameserver.managers.ZoneManager	ZoneManager: Last static id 200224.
2026.03.20 20:20:49,993	INFO	3	org.l2jmobius.commons.util.IXmlReader	DoorData: Loaded 1301 doors.
2026.03.20 20:20:49,999	INFO	3	FenceData	FenceData: Loaded 1 fences.
2026.03.20 20:20:50,010	INFO	3	org.l2jmobius.gameserver.data.xml.LevelUpCrystalData	Soul crystal data : Loaded 54
2026.03.20 20:20:50,010	INFO	3	org.l2jmobius.gameserver.data.xml.LevelUpCrystalData	Npc leveling crystal data : Loaded 240
2026.03.20 20:20:50,461	INFO	3	org.l2jmobius.gameserver.managers.WalkingManager	WalkingManager: Loaded 123 walking routes.
2026.03.20 20:20:50,471	INFO	3	org.l2jmobius.commons.util.IXmlReader	StaticObjectData: Loaded 51 static object templates.
2026.03.20 20:20:50,493	INFO	3	org.l2jmobius.gameserver.model.itemauction.ItemAuctionInstance	ItemAuctionInstance: Loaded 82 item(s) and registered 2 auction(s) for instance 32320.
2026.03.20 20:20:50,496	INFO	3	org.l2jmobius.gameserver.model.itemauction.ItemAuctionInstance	ItemAuctionInstance: Schedule current auction 1 for instance 32320
2026.03.20 20:20:50,498	INFO	3	org.l2jmobius.gameserver.model.itemauction.ItemAuctionInstance	ItemAuctionInstance: Loaded 82 item(s) and registered 1 auction(s) for instance 32321.
2026.03.20 20:20:50,500	INFO	3	org.l2jmobius.gameserver.model.itemauction.ItemAuctionInstance	ItemAuctionInstance: Schedule next auction 2 on 17:00:00 23.03.26 for instance 32321
2026.03.20 20:20:50,504	INFO	3	org.l2jmobius.gameserver.model.itemauction.ItemAuctionInstance	ItemAuctionInstance: Loaded 82 item(s) and registered 1 auction(s) for instance 32322.
2026.03.20 20:20:50,504	INFO	3	org.l2jmobius.gameserver.model.itemauction.ItemAuctionInstance	ItemAuctionInstance: Schedule next auction 3 on 17:00:00 25.03.26 for instance 32322
2026.03.20 20:20:50,504	INFO	3	org.l2jmobius.gameserver.managers.ItemAuctionManager	ItemAuctionManager: Loaded 3 instance(s).
2026.03.20 20:20:50,517	INFO	3	org.l2jmobius.gameserver.managers.CastleManager	CastleManager: Loaded 9 castles
2026.03.20 20:20:50,522	INFO	3	org.l2jmobius.gameserver.data.SchemeBufferTable	SchemeBufferTable: Loaded 0 players schemes and 60 available buffs.
2026.03.20 20:20:50,523	INFO	3	org.l2jmobius.gameserver.managers.GrandBossManager	GrandBossManager: Initialized 8 Grand Boss Zones
2026.03.20 20:20:50,524	INFO	3	org.l2jmobius.gameserver.GameServer	------------------------------------------------=[ Olympiad ]
2026.03.20 20:20:50,531	INFO	3	org.l2jmobius.gameserver.model.olympiad.Olympiad	Olympiad System: Loading....
2026.03.20 20:20:50,531	INFO	3	org.l2jmobius.gameserver.model.olympiad.Olympiad	Olympiad System: Currently in Olympiad Period
2026.03.20 20:20:50,531	INFO	3	org.l2jmobius.gameserver.model.olympiad.Olympiad	Olympiad System: 11 days, 14 hours and 39 mins until period ends.
2026.03.20 20:20:50,531	INFO	3	org.l2jmobius.gameserver.model.olympiad.Olympiad	Olympiad System: Next weekly change is in 4 days, 20 hours and 38 mins.
2026.03.20 20:20:50,531	INFO	3	org.l2jmobius.gameserver.model.olympiad.Olympiad	Olympiad System: Loaded 0 Nobles
2026.03.20 20:20:50,534	INFO	3	org.l2jmobius.gameserver.model.olympiad.Olympiad	Olympiad System: Competition Period Starts in 0 days, 0 hours and 0 mins.
2026.03.20 20:20:50,539	INFO	3	org.l2jmobius.gameserver.model.olympiad.Olympiad	Olympiad System: Event starts/started: Fri Mar 20 18:00:50 EET 2026
2026.03.20 20:20:50,544	INFO	3	org.l2jmobius.gameserver.model.olympiad.Hero	Hero System: Loaded 0 Heroes.
2026.03.20 20:20:50,544	INFO	3	org.l2jmobius.gameserver.model.olympiad.Hero	Hero System: Loaded 0 all time Heroes.
2026.03.20 20:20:50,544	INFO	3	org.l2jmobius.gameserver.GameServer	---------------------------------------------=[ Seven Signs ]
2026.03.20 20:20:50,548	INFO	3	org.l2jmobius.gameserver.model.sevensigns.SevenSigns	SevenSigns: Currently in the Competition (Quest Event) period!
2026.03.20 20:20:50,548	INFO	3	org.l2jmobius.gameserver.model.sevensigns.SevenSigns	SevenSigns: The Seal of Avarice remains unclaimed.
2026.03.20 20:20:50,548	INFO	3	org.l2jmobius.gameserver.model.sevensigns.SevenSigns	SevenSigns: The Seal of Gnosis remains unclaimed.
2026.03.20 20:20:50,548	INFO	3	org.l2jmobius.gameserver.model.sevensigns.SevenSigns	SevenSigns: The Seal of Strife remains unclaimed.
2026.03.20 20:20:50,548	INFO	3	org.l2jmobius.gameserver.model.sevensigns.SevenSigns	SevenSigns: The competition, if the current trend continues, will end in a tie this week.
2026.03.20 20:20:50,548	INFO	3	org.l2jmobius.gameserver.model.sevensigns.SevenSigns	SevenSigns: Next period change set to Mon Mar 23 18:00:50 EET 2026
2026.03.20 20:20:50,550	INFO	3	org.l2jmobius.gameserver.model.sevensigns.SevenSigns	SevenSigns: Next period begins in 2 days, 21 hours, 39 minutes, 59 seconds, 997 milliseconds
2026.03.20 20:20:50,550	INFO	3	org.l2jmobius.gameserver.GameServer	---------------------------------------------------=[ Cache ]
2026.03.20 20:20:50,551	INFO	3	org.l2jmobius.gameserver.cache.HtmCache	Cache[HTML]: Running lazy cache.
2026.03.20 20:20:50,553	INFO	3	org.l2jmobius.gameserver.data.sql.CrestTable	CrestTable: Loaded 0 Crests.
2026.03.20 20:20:50,696	INFO	85	org.l2jmobius.gameserver.model.olympiad.Olympiad	Olympiad System: Olympiad Games have started.
2026.03.20 20:20:50,715	INFO	3	org.l2jmobius.gameserver.data.xml.TeleporterData	TeleporterData: Loaded 194 npc teleporters.
2026.03.20 20:20:50,720	INFO	3	org.l2jmobius.gameserver.data.xml.UIData	UIData: Loaded 4 keys 5 categories.
2026.03.20 20:20:50,770	INFO	3	org.l2jmobius.gameserver.data.AugmentationData	AugmentationData: Loaded 33960 augmentations.
2026.03.20 20:20:50,770	INFO	3	org.l2jmobius.gameserver.data.AugmentationData	AugmentationData: Loaded 2754 accessory augmentations.
2026.03.20 20:20:50,778	INFO	3	org.l2jmobius.gameserver.managers.CursedWeaponsManager	CursedWeaponsManager: Loaded : 2 cursed weapon(s).
2026.03.20 20:20:50,820	INFO	85	org.l2jmobius.gameserver.model.olympiad.OlympiadGameManager	Olympiad System: Loaded 160 stadiums.
2026.03.20 20:20:51,008	INFO	3	org.l2jmobius.commons.util.IXmlReader	TransformData: Loaded 111 transform templates.
2026.03.20 20:20:51,013	INFO	3	org.l2jmobius.gameserver.data.BotReportTable	BotReportTable: Loaded 0 bot reports
2026.03.20 20:20:51,015	INFO	3	org.l2jmobius.gameserver.GameServer	-------------------------------------------------=[ Scripts ]
2026.03.20 20:20:51,026	INFO	3	org.l2jmobius.gameserver.managers.AirShipManager	AirShipManager: Loaded 0 private airships
2026.03.20 20:20:51,028	INFO	3	org.l2jmobius.gameserver.managers.SeedOfDestructionManager	Seed of Destruction Manager: Loaded. Current stage is: 1
2026.03.20 20:20:51,029	INFO	3	org.l2jmobius.gameserver.managers.SeedOfInfinityManager	Seed of Infinity Manager: Loaded. Current stage is: 1
2026.03.20 20:20:51,029	INFO	3	org.l2jmobius.gameserver.GameServer	Loading server scripts...
2026.03.20 20:20:51,370	INFO	3	handlers.MasterHandler	Loading Handlers...
2026.03.20 20:20:51,449	INFO	3	handlers.MasterHandler	ActionHandler: Loaded 10 handlers.
2026.03.20 20:20:51,449	INFO	3	handlers.MasterHandler	ActionShiftHandler: Loaded 6 handlers.
2026.03.20 20:20:51,449	INFO	3	handlers.MasterHandler	AdminCommandHandler: Loaded 481 handlers.
2026.03.20 20:20:51,449	INFO	3	handlers.MasterHandler	BypassHandler: Loaded 47 handlers.
2026.03.20 20:20:51,449	INFO	3	handlers.MasterHandler	ChatHandler: Loaded 14 handlers.
2026.03.20 20:20:51,449	INFO	3	handlers.MasterHandler	CommunityBoardHandler: Loaded 24 handlers.
2026.03.20 20:20:51,449	INFO	3	handlers.MasterHandler	ItemHandler: Loaded 30 handlers.
2026.03.20 20:20:51,449	INFO	3	handlers.MasterHandler	PunishmentHandler: Loaded 3 handlers.
2026.03.20 20:20:51,449	INFO	3	handlers.MasterHandler	UserCommandHandler: Loaded 17 handlers.
2026.03.20 20:20:51,449	INFO	3	handlers.MasterHandler	VoicedCommandHandler: Loaded 7 handlers.
2026.03.20 20:20:51,449	INFO	3	handlers.MasterHandler	TargetHandler: Loaded 34 handlers.
2026.03.20 20:20:51,449	INFO	3	handlers.MasterHandler	Handlers Loaded...
2026.03.20 20:21:00,138	INFO	3	org.l2jmobius.gameserver.model.script.Quest	Handy's Block Checker Event is enabled
2026.03.20 20:21:00,145	INFO	3	org.l2jmobius.gameserver.model.script.Quest	Fantasy Isle: Parade starting at 2026/03/20 21:20 and is scheduled each next 1 hours.
2026.03.20 20:21:00,147	INFO	3	org.l2jmobius.gameserver.model.script.Quest	Fantasy Isle: MC show script starting at 21/03/2026 14:45:00 and is scheduled each next 4 hours.
2026.03.20 20:21:00,190	INFO	3	ai.areas.Gracia.GraciaLoader	GraciaLoader: Loading Gracia related scripts.
2026.03.20 20:21:00,239	INFO	3	ai.areas.Hellbound.HellboundLoader	HellboundLoader: Loading Hellbound related scripts:
2026.03.20 20:21:00,242	INFO	3	org.l2jmobius.commons.util.IXmlReader	HellboundPointData: Loaded 47 trust point reward data.
2026.03.20 20:21:00,258	INFO	3	org.l2jmobius.commons.util.IXmlReader	HellboundSpawns: Loaded 598 Hellbound spawns.
2026.03.20 20:21:00,259	INFO	3	org.l2jmobius.gameserver.model.script.Quest	HellboundEngine: Level: 11
2026.03.20 20:21:00,259	INFO	3	org.l2jmobius.gameserver.model.script.Quest	HellboundEngine: Trust: 4000000
2026.03.20 20:21:00,259	INFO	3	org.l2jmobius.gameserver.model.script.Quest	HellboundEngine: Status: unlocked.
2026.03.20 20:21:00,316	INFO	3	org.l2jmobius.gameserver.managers.RaidBossSpawnManager	RaidBossSpawnManager: Loaded 187 Instances
2026.03.20 20:21:00,316	INFO	3	org.l2jmobius.gameserver.managers.RaidBossSpawnManager	RaidBossSpawnManager: Scheduled 0 Instances
2026.03.20 20:21:00,334	INFO	3	ai.areas.ImperialTomb.FourSepulchers.FourSepulchers	[Four Sepulchers] Loaded 762 spawn zones data.
2026.03.20 20:21:00,439	INFO	3	org.l2jmobius.commons.util.IXmlReader	NpcBuffersData: Loaded 33 buffers data.
2026.03.20 20:21:00,504	CONFIG	3	conquerablehalls.BanditStronghold.BanditStronghold	Bandit StrongHold siege scheduled for Wed Apr 01 12:00:00 EEST 2026.
2026.03.20 20:21:00,508	CONFIG	3	conquerablehalls.DevastatedCastle.DevastatedCastle	Devastated Castle siege scheduled for Wed Apr 01 12:00:00 EEST 2026.
2026.03.20 20:21:00,510	CONFIG	3	conquerablehalls.FortressOfResistance.FortressOfResistance	Fortress of Resistance siege scheduled for Wed Apr 01 12:00:00 EEST 2026.
2026.03.20 20:21:00,518	CONFIG	3	conquerablehalls.FortressOfTheDead.FortressOfTheDead	Fortress of the Dead siege scheduled for Wed Apr 01 12:00:00 EEST 2026.
2026.03.20 20:21:00,521	CONFIG	3	conquerablehalls.RainbowSpringsChateau.RainbowSpringsChateau	Rainbow Springs siege scheduled for Wed Apr 01 12:00:00 EEST 2026.
2026.03.20 20:21:00,526	CONFIG	3	conquerablehalls.WildBeastReserve.WildBeastReserve	Beast Farm siege scheduled for Wed Apr 01 12:00:00 EEST 2026.
2026.03.20 20:21:00,577	INFO	3	org.l2jmobius.gameserver.model.script.Quest	Event Freya Celebration has passed... Ignored 
2026.03.20 20:21:00,581	INFO	3	org.l2jmobius.gameserver.model.script.Quest	Event Gift of Vitality has passed... Ignored 
2026.03.20 20:21:00,584	INFO	3	org.l2jmobius.gameserver.model.script.Quest	Event Heavy Medal has passed... Ignored 
2026.03.20 20:21:00,586	INFO	3	org.l2jmobius.gameserver.model.script.Quest	Event L2 Day has passed... Ignored 
2026.03.20 20:21:00,589	INFO	3	org.l2jmobius.gameserver.model.script.Quest	Event Love Your Gatekeeper has passed... Ignored 
2026.03.20 20:21:00,591	INFO	3	org.l2jmobius.gameserver.model.script.Quest	Event Master of Enchanting has passed... Ignored 
2026.03.20 20:21:00,596	INFO	3	org.l2jmobius.gameserver.model.script.Quest	Event Saving Santa has passed... Ignored 
2026.03.20 20:21:00,598	INFO	3	org.l2jmobius.gameserver.model.script.Quest	Event Valentine Event has passed... Ignored 
2026.03.20 20:21:00,604	INFO	3	org.l2jmobius.gameserver.model.script.Quest	Event Watermelon Ninja has passed... Ignored 
2026.03.20 20:21:01,004	INFO	3	org.l2jmobius.gameserver.model.script.Quest	TerritoryWarSuperClass: Siege date: Sun Mar 22 22:00:00 EET 2026
2026.03.20 20:21:01,028	INFO	3	org.l2jmobius.gameserver.data.xml.SpawnData	SpawnData: Initializing spawns...
2026.03.20 20:21:01,269	INFO	117	org.l2jmobius.gameserver.model.script.Quest	HellboundEngine: Spawned 424 NPCs.
2026.03.20 20:21:02,029	INFO	3	org.l2jmobius.gameserver.data.xml.SpawnData	SpawnData: 42297 spawns have been initialized!
2026.03.20 20:21:02,030	INFO	3	org.l2jmobius.gameserver.managers.DayNightSpawnManager	DayNightSpawnManager: Removed 0 day creatures
2026.03.20 20:21:02,035	INFO	3	org.l2jmobius.gameserver.managers.DayNightSpawnManager	DayNightSpawnManager: Spawned 685 night creatures
2026.03.20 20:21:02,046	INFO	3	org.l2jmobius.gameserver.managers.DimensionalRiftManager	DimensionalRiftManager: Loaded 7 room types with 56 rooms.
2026.03.20 20:21:02,048	INFO	3	org.l2jmobius.gameserver.managers.DimensionalRiftManager	DimensionalRiftManager: Loaded 462 dimensional rift spawns, 0 errors.
2026.03.20 20:21:02,050	INFO	3	org.l2jmobius.gameserver.GameServer	---------------------------------------------------=[ Siege ]
2026.03.20 20:21:02,059	INFO	3	org.l2jmobius.gameserver.data.xml.SiegeScheduleData	SiegeScheduleData: Loaded 9 siege schedulers.
2026.03.20 20:21:02,059	INFO	3	org.l2jmobius.gameserver.model.siege.Siege	Siege of Gludio: Sun Mar 22 16:00:00 EET 2026
2026.03.20 20:21:02,061	INFO	3	org.l2jmobius.gameserver.model.siege.Siege	Siege of Dion: Sun Mar 22 20:00:00 EET 2026
2026.03.20 20:21:02,062	INFO	3	org.l2jmobius.gameserver.model.siege.Siege	Siege of Giran: Sun Mar 22 16:00:00 EET 2026
2026.03.20 20:21:02,063	INFO	3	org.l2jmobius.gameserver.model.siege.Siege	Siege of Oren: Sun Mar 22 20:00:00 EET 2026
2026.03.20 20:21:02,063	INFO	3	org.l2jmobius.gameserver.model.siege.Siege	Siege of Aden: Sun Mar 22 16:00:00 EET 2026
2026.03.20 20:21:02,064	INFO	3	org.l2jmobius.gameserver.model.siege.Siege	Siege of Innadril: Sun Mar 22 20:00:00 EET 2026
2026.03.20 20:21:02,064	INFO	3	org.l2jmobius.gameserver.model.siege.Siege	Siege of Goddard: Sun Mar 22 16:00:00 EET 2026
2026.03.20 20:21:02,066	INFO	3	org.l2jmobius.gameserver.model.siege.Siege	Siege of Rune: Sun Mar 22 20:00:00 EET 2026
2026.03.20 20:21:02,066	INFO	3	org.l2jmobius.gameserver.model.siege.Siege	Siege of Schuttgart: Sun Mar 22 16:00:00 EET 2026
2026.03.20 20:21:02,137	INFO	3	org.l2jmobius.gameserver.managers.FortManager	FortManager: Loaded 21 fortress
2026.03.20 20:21:02,194	INFO	3	org.l2jmobius.commons.util.IXmlReader	CastleManorManager: Loaded 258 seeds.
2026.03.20 20:21:02,199	INFO	3	org.l2jmobius.commons.util.IXmlReader	CastleManorManager: Manor data loaded.
2026.03.20 20:21:02,206	INFO	3	org.l2jmobius.gameserver.managers.MercTicketManager	MercTicketManager: Loaded 0 Mercenary Tickets
2026.03.20 20:21:02,206	INFO	3	org.l2jmobius.gameserver.managers.ScriptManager	ScriptManager: Loaded 539 quests.
2026.03.20 20:21:02,206	INFO	3	org.l2jmobius.gameserver.managers.ScriptManager	ScriptManager: Loaded 300 scripts.
2026.03.20 20:21:02,212	INFO	3	org.l2jmobius.gameserver.managers.games.MonsterRaceManager	MonsterRace: loaded 27 records, currently on race #28
2026.03.20 20:21:02,263	INFO	3	org.l2jmobius.gameserver.model.sevensigns.SevenSignsFestival	SevenSignsFestival: The first Festival of Darkness cycle begins in 2 minute(s).
2026.03.20 20:21:02,263	INFO	3	org.l2jmobius.gameserver.GameServer	AutoSpawnHandler: Loaded 129 handlers in total.
2026.03.20 20:21:02,271	INFO	3	org.l2jmobius.gameserver.managers.games.KrateisCubeManager	KrateisCubeManager: Loaded 3 arena templates.
2026.03.20 20:21:02,277	INFO	3	org.l2jmobius.gameserver.managers.games.UndergroundColiseumManager	UndergroundColiseumManager: Loaded 5 coliseum arenas.
2026.03.20 20:21:02,279	INFO	3	org.l2jmobius.gameserver.managers.games.UndergroundColiseumManager	UndergroundColiseumManager: Ends at 20/03/2026 23:00:00
2026.03.20 20:21:02,283	INFO	3	org.l2jmobius.gameserver.managers.DailyResetManager	DailyResetManager: Next schedule at 21/03/2026 06:30:00.
2026.03.20 20:21:02,286	INFO	3	org.l2jmobius.gameserver.managers.MailManager	MailManager: Loaded 0 messages.
2026.03.20 20:21:02,290	INFO	3	org.l2jmobius.gameserver.managers.PunishmentManager	PunishmentManager: Loaded 0 active and 0 expired punishments.
2026.03.20 20:21:02,291	INFO	3	org.l2jmobius.gameserver.GameServer	IdManager: Free ObjectID's remaining: 1878998389
2026.03.20 20:21:02,294	INFO	3	org.l2jmobius.gameserver.data.sql.OfflineTraderTable	OfflineTraderTable: Loading offline traders...
2026.03.20 20:21:02,294	INFO	3	org.l2jmobius.gameserver.data.sql.OfflineTraderTable	OfflineTraderTable: Loaded 0 offline traders.
2026.03.20 20:21:02,296	INFO	182	org.l2jmobius.commons.util.DeadlockWatcher	DeadlockWatcher: Thread started.
2026.03.20 20:21:04,593	INFO	3	org.l2jmobius.gameserver.GameServer	GameServer: Started, using 840 of 4096 MB total memory.
2026.03.20 20:21:04,593	INFO	3	org.l2jmobius.gameserver.GameServer	GameServer: Maximum number of connected players is 2000.
2026.03.20 20:21:04,594	INFO	3	org.l2jmobius.gameserver.GameServer	GameServer: Server loaded in 23 seconds.
2026.03.20 20:21:04,615	INFO	192	org.l2jmobius.gameserver.LoginServerThread	LoginServerThread: Connecting to login on 127.0.0.1:9014
2026.03.20 20:21:04,672	INFO	192	org.l2jmobius.gameserver.LoginServerThread	LoginServerThread: Registered on login as Server 2: Sieghardt
